Microchip MPLAB XC8 Compiler V2.45

Linker command line:

-W-3 --edf=/opt/microchip/xc8/v2.45/pic/dat/20230818022343_en.msgs -cn \
  -h+dist/default/debug/PROJ_OPDR1_test.X.debug.sym \
  --cmf=dist/default/debug/PROJ_OPDR1_test.X.debug.cmf -z -Q16F887 \
  -o/tmp/xcXLkHFpc/driver_tmp_3.o --defsym=__MPLAB_BUILD=1 \
  --fixupoverflow=error -Mdist/default/debug/PROJ_OPDR1_test.X.debug.map \
  --md=/tmp/xcXLkHFpc/driver_tmp_0.dat -E1 -ver=XC8 Compiler --acfsm=1493 \
  -ACODE=00h-07FFhx3,01800h-01EFFh -ASTRCODE=00h-01EFFh \
  -ASTRING=00h-0FFhx31 -ACONST=00h-0FFhx31 -AENTRY=00h-0FFhx31 \
  -ACOMMON=071h-07Fh -ABANK0=020h-06Fh -ABANK1=0A0h-0EFh \
  -ABANK2=0110h-016Fh -ABANK3=0190h-01E4h \
  -ARAM=020h-06Fh,0A0h-0EFh,0110h-016Fh,0190h-01E4h \
  -AABS1=020h-07Fh,0A0h-0EFh,0110h-016Fh,0190h-01EFh -ASFR0=00h-01Fh \
  -ASFR1=080h-09Fh -ASFR2=0100h-010Fh -ASFR3=0180h-018Fh \
  -ACONFIG=02007h-02008h -DCONFIG=2 -AIDLOC=02000h-02003h -DIDLOC=2 \
  -AEEDATA=00h-0FFh/02100h -peeprom_data=EEDATA -DEEDATA=2 -DCODE=2 \
  -DSTRCODE=2 -DSTRING=2 -DCONST=2 -DENTRY=2 \
  -preset_vec=00h,intentry,init,end_init -ppowerup=CODE -pcinit=CODE \
  -pfunctab=ENTRY -k /tmp/xcXLkHFpc/driver_tmp_12.o \
  dist/default/debug/PROJ_OPDR1_test.X.debug.o 

Object code version is 3.11

Machine type is 16F887



                Name                               Link     Load   Length Selector   Space Scale
/tmp/xcXLkHFpc/driver_tmp_12.o
                end_init                              1        1        3        0       0
                reset_vec                             0        0        1        0       0
                config                             2007     2007        2        0       4
dist/default/debug/PROJ_OPDR1_test.X.debug.o
                cinit                               7FC      7FC        4      FF8       0
                config                             2007     2007        2        0       4
                text3                               730      730        A      E60       0
                text2                               73A      73A        D      E74       0
                text1                               747      747        F      E8E       0
                maintext                            756      756       A6      EAC       0
                cstackCOMMON                         71       71        B       71       1

TOTAL           Name                               Link     Load   Length     Space
        CLASS   CODE           
                end_init                              1        1        3         0
                cinit                               7FC      7FC        4         0
                reset_vec                             0        0        1         0
                text3                               730      730        A         0
                text2                               73A      73A        D         0
                text1                               747      747        F         0
                maintext                            756      756       A6         0

        CLASS   STRCODE        

        CLASS   STRING         

        CLASS   CONST          

        CLASS   ENTRY          

        CLASS   COMMON         
                cstackCOMMON                         71       71        B         1

        CLASS   BANK0          

        CLASS   BANK1          

        CLASS   BANK2          

        CLASS   BANK3          

        CLASS   RAM            

        CLASS   ABS1           
                abs_s1                               7E       7E        2         1

        CLASS   SFR0           

        CLASS   SFR1           

        CLASS   SFR2           

        CLASS   SFR3           

        CLASS   CONFIG         
                config                             2007     2007        2         4

        CLASS   IDLOC          

        CLASS   EEDATA         

        CLASS   HEAP           

        CLASS   STACK          



SEGMENTS        Name                           Load    Length   Top    Selector   Space  Class     Delta

                maintext                       000756  0000A6  0007FC       EAC       0  CODE        2
                text1                          000747  00000F  000756       E8E       0  CODE        2
                reset_vec                      000000  000004  000004         0       0  CODE        2
                text2                          00073A  00000D  000747       E74       0  CODE        2
                text3                          000730  00000A  00073A       E60       0  CODE        2
                cinit                          0007FC  000004  000800       FF8       0  CODE        2
                cstackCOMMON                   000071  00000B  00007C        71       1  COMMON      1


UNUSED ADDRESS RANGES

        Name                Unused          Largest block    Delta
        BANK0            0020-006F             50           1
        BANK1            00A0-00EF             50           1
        BANK2            0110-016F             60           1
        BANK3            0190-01E4             55           1
        CODE             0004-072F            72C           2
                         0800-1EFF            800
        COMMON           007C-007D              2           1
        CONST            0004-072F            100           2
                         0800-1EFF            100
        EEDATA           2100-21FF            100           2
        ENTRY            0004-072F            100           2
                         0800-1EFF            100
        IDLOC            2000-2003              4           2
        RAM              0020-006F             50           1
                         00A0-00EF             50
                         0110-016F             60
                         0190-01E4             55
        SFR0             0000-001F             20           1
        SFR1             0080-009F             20           1
        SFR2             0100-010F             10           1
        SFR3             0180-018F             10           1
        STRCODE          0004-072F            72C           2
                         0800-1EFF           1700
        STRING           0004-072F            100           2
                         0800-1EFF            100

                                  Symbol Table

_ANSEL                   (abs)        0188
_ANSELH                  (abs)        0189
_OSCCONbits              (abs)        008F
_PORTA                   (abs)        0005
_PORTBbits               (abs)        0006
_TRISA                   (abs)        0085
_TRISBbits               (abs)        0086
__H__absolute__          __absolute__ 0000
__Habs1                  abs1         0000
__Hbank0                 bank0        0000
__Hbank1                 bank1        0000
__Hbank2                 bank2        0000
__Hbank3                 bank3        0000
__Hcinit                 cinit        0800
__Hclrtext               clrtext      0000
__Hcode                  code         0000
__Hcommon                common       0000
__Hconfig                config       2009
__HcstackCOMMON          cstackCOMMON 0000
__Heeprom_data           eeprom_data  0000
__Hend_init              end_init     0004
__Hfunctab               functab      0000
__Hheap                  heap         0000
__Hinit                  init         0001
__Hintentry              intentry     0001
__Hmaintext              maintext     0000
__Hpowerup               powerup      0000
__Hram                   ram          0000
__Hreset_vec             reset_vec    0001
__Hsfr0                  sfr0         0000
__Hsfr1                  sfr1         0000
__Hsfr2                  sfr2         0000
__Hsfr3                  sfr3         0000
__Hspace_0               (abs)        0800
__Hspace_1               (abs)        007C
__Hspace_2               (abs)        0000
__Hspace_3               (abs)        0000
__Hspace_4               (abs)        4010
__Hstack                 stack        0000
__Hstrings               strings      0000
__Htext                  text         0000
__L__absolute__          __absolute__ 0000
__Labs1                  abs1         0000
__Lbank0                 bank0        0000
__Lbank1                 bank1        0000
__Lbank2                 bank2        0000
__Lbank3                 bank3        0000
__Lcinit                 cinit        07FC
__Lclrtext               clrtext      0000
__Lcode                  code         0000
__Lcommon                common       0000
__Lconfig                config       0000
__LcstackCOMMON          cstackCOMMON 0000
__Leeprom_data           eeprom_data  0000
__Lend_init              end_init     0001
__Lfunctab               functab      0000
__Lheap                  heap         0000
__Linit                  init         0001
__Lintentry              intentry     0001
__Lmaintext              maintext     0000
__Lpowerup               powerup      0000
__Lram                   ram          0000
__Lreset_vec             reset_vec    0000
__Lsfr0                  sfr0         0000
__Lsfr1                  sfr1         0000
__Lsfr2                  sfr2         0000
__Lsfr3                  sfr3         0000
__Lspace_0               (abs)        0000
__Lspace_1               (abs)        0000
__Lspace_2               (abs)        0000
__Lspace_3               (abs)        0000
__Lspace_4               (abs)        0000
__Lstack                 stack        0000
__Lstrings               strings      0000
__Ltext                  text         0000
__S0                     (abs)        0800
__S1                     (abs)        007C
__S3                     (abs)        0000
___heap_hi               (abs)        0000
___heap_lo               (abs)        0000
___int_sp                stack        0000
___int_stack_hi          stack        0000
___int_stack_lo          stack        0000
___latbits               (abs)        0002
___sp                    stack        0000
___stack_hi              stack        0000
___stack_lo              stack        0000
___stackhi               (abs)        0000
___stacklo               (abs)        0000
__end_of__initialization cinit        07FC
__end_of_init_gpio       text3        073A
__end_of_init_osc        text2        0747
__end_of_main            maintext     07FC
__end_of_pic_init        text1        0756
__initialization         cinit        07FC
__pcstackCOMMON          cstackCOMMON 0071
__pmaintext              maintext     0756
__ptext1                 text1        0747
__ptext2                 text2        073A
__ptext3                 text3        0730
_init_gpio               text3        0730
_init_osc                text2        073A
_main                    maintext     0756
_pic_init                text1        0747
btemp                    (abs)        007E
end_of_initialization    cinit        07FC
intlevel0                functab      0000
intlevel1                functab      0000
intlevel2                functab      0000
intlevel3                functab      0000
intlevel4                functab      0000
intlevel5                functab      0000
main@ENC_Last_State      cstackCOMMON 0074
main@ENC_State           cstackCOMMON 0078
main@OddCounter          cstackCOMMON 007A
main@counter             cstackCOMMON 0076
reset_vec                reset_vec    0000
start                    init         0001
start_initialization     cinit        07FC
wtemp0                   (abs)        007E


MODULE INFORMATION

Module		Function		Class		Link	Load	Size
newmain.c
		_pic_init      		CODE           	0747	0000	15
		_main          		CODE           	0756	0000	166
		_init_osc      		CODE           	073A	0000	13
		_init_gpio     		CODE           	0730	0000	10

newmain.c estimated size: 204

shared
		__initialization		CODE           	07FC	0000	1

shared estimated size: 1

