Microchip MPLAB XC8 Compiler V2.45

Linker command line:

-W-3 --edf=/opt/microchip/xc8/v2.45/pic/dat/20230818022343_en.msgs -cn \
  -h+dist/default/production/PROJ_OPDR2.X.production.sym \
  --cmf=dist/default/production/PROJ_OPDR2.X.production.cmf -z -Q16F887 \
  -o/tmp/xcXnOFmfP/driver_tmp_3.o --defsym=__MPLAB_BUILD=1 \
  --fixupoverflow=error \
  -Mdist/default/production/PROJ_OPDR2.X.production.map \
  --md=/tmp/xcXnOFmfP/driver_tmp_0.dat -E1 -ver=XC8 Compiler --acfsm=1493 \
  -ACODE=00h-07FFhx4 -ASTRCODE=00h-01FFFh -ASTRING=00h-0FFhx32 \
  -ACONST=00h-0FFhx32 -AENTRY=00h-0FFhx32 -ACOMMON=070h-07Fh \
  -ABANK0=020h-06Fh -ABANK1=0A0h-0EFh -ABANK2=0110h-016Fh \
  -ABANK3=0190h-01EFh -ARAM=020h-06Fh,0A0h-0EFh,0110h-016Fh,0190h-01EFh \
  -AABS1=020h-07Fh,0A0h-0EFh,0110h-016Fh,0190h-01EFh -ASFR0=00h-01Fh \
  -ASFR1=080h-09Fh -ASFR2=0100h-010Fh -ASFR3=0180h-018Fh \
  -ACONFIG=02007h-02008h -DCONFIG=2 -AIDLOC=02000h-02003h -DIDLOC=2 \
  -AEEDATA=00h-0FFh/02100h -peeprom_data=EEDATA -DEEDATA=2 -DCODE=2 \
  -DSTRCODE=2 -DSTRING=2 -DCONST=2 -DENTRY=2 \
  -preset_vec=00h,intentry,init,end_init -ppowerup=CODE -pcinit=CODE \
  -pfunctab=ENTRY -k /tmp/xcXnOFmfP/driver_tmp_12.o \
  dist/default/production/PROJ_OPDR2.X.production.o 

Object code version is 3.11

Machine type is 16F887



                Name                               Link     Load   Length Selector   Space Scale
/tmp/xcXnOFmfP/driver_tmp_12.o
                end_init                              0        0        3        0       0
                config                             2007     2007        2        0       4
dist/default/production/PROJ_OPDR2.X.production.o
                cinit                               7F2      7F2        E      FE4       0
                config                             2007     2007        2        0       4
                text4                               6ED      6ED       25      DDA       0
                text3                               6DC      6DC       11      DB8       0
                text2                               6C0      6C0        D      D80       0
                text1                               6CD      6CD        F      D9A       0
                maintext                            712      712       E0      E24       0
                cstackBANK0                          20       20        E       20       1
                cstackCOMMON                         70       70        C       70       1
                bssBANK0                             2E       2E        8       20       1

TOTAL           Name                               Link     Load   Length     Space
        CLASS   CODE           
                end_init                              0        0        3         0
                cinit                               7F2      7F2        E         0
                text4                               6ED      6ED       25         0
                text3                               6DC      6DC       11         0
                text2                               6C0      6C0        D         0
                text1                               6CD      6CD        F         0
                maintext                            712      712       E0         0

        CLASS   STRCODE        

        CLASS   STRING         

        CLASS   CONST          

        CLASS   ENTRY          

        CLASS   COMMON         
                cstackCOMMON                         70       70        C         1

        CLASS   BANK0          
                cstackBANK0                          20       20        E         1
                bssBANK0                             2E       2E        8         1

        CLASS   BANK1          

        CLASS   BANK2          

        CLASS   BANK3          

        CLASS   RAM            

        CLASS   ABS1           
                abs_s1                               7E       7E        2         1

        CLASS   SFR0           

        CLASS   SFR1           

        CLASS   SFR2           

        CLASS   SFR3           

        CLASS   CONFIG         
                config                             2007     2007        2         4

        CLASS   IDLOC          

        CLASS   EEDATA         

        CLASS   HEAP           

        CLASS   STACK          



SEGMENTS        Name                           Load    Length   Top    Selector   Space  Class     Delta

                text1                          0006CD  00000F  0006DC       D9A       0  CODE        2
                text2                          0006C0  00000D  0006CD       D80       0  CODE        2
                text3                          0006DC  000011  0006ED       DB8       0  CODE        2
                maintext                       000712  0000E0  0007F2       E24       0  CODE        2
                text4                          0006ED  000025  000712       DDA       0  CODE        2
                cstackBANK0                    000020  000016  000036        20       1  BANK0       1
                cinit                          0007F2  00000E  000800       FE4       0  CODE        2
                reset_vec                      000000  000003  000003         0       0  CODE        2
                cstackCOMMON                   000070  00000C  00007C        70       1  COMMON      1


UNUSED ADDRESS RANGES

        Name                Unused          Largest block    Delta
        BANK0            0036-006F             3A           1
        BANK1            00A0-00EF             50           1
        BANK2            0110-016F             60           1
        BANK3            0190-01EF             60           1
        CODE             0003-06BF            6BD           2
                         0800-1FFF            800
        COMMON           007C-007D              2           1
        CONST            0003-06BF            100           2
                         0800-1FFF            100
        EEDATA           2100-21FF            100           2
        ENTRY            0003-06BF            100           2
                         0800-1FFF            100
        IDLOC            2000-2003              4           2
        RAM              0036-006F             3A           1
                         00A0-00EF             50
                         0110-016F             60
                         0190-01EF             60
        SFR0             0000-001F             20           1
        SFR1             0080-009F             20           1
        SFR2             0100-010F             10           1
        SFR3             0180-018F             10           1
        STRCODE          0003-06BF            6BD           2
                         0800-1FFF           1800
        STRING           0003-06BF            100           2
                         0800-1FFF            100

                                  Symbol Table

?___wmul                 cstackCOMMON 0070
_ADCON0                  (abs)        001F
_ADCON1bits              (abs)        009F
_ADRESH                  (abs)        001E
_ADRESL                  (abs)        009E
_ANSEL                   (abs)        0188
_ANSELH                  (abs)        0189
_ANSELbits               (abs)        0188
_GO                      (abs)        00F9
_OSCCONbits              (abs)        008F
_PORTA                   (abs)        0005
_TRISA                   (abs)        0085
_TRISEbits               (abs)        0089
__H__absolute__          __absolute__ 0000
__Habs1                  abs1         0000
__Hbank0                 bank0        0000
__Hbank1                 bank1        0000
__Hbank2                 bank2        0000
__Hbank3                 bank3        0000
__HbssBANK0              bssBANK0     0000
__Hcinit                 cinit        0800
__Hclrtext               clrtext      0000
__Hcode                  code         0000
__Hcommon                common       0000
__Hconfig                config       2009
__HcstackBANK0           cstackBANK0  0000
__HcstackCOMMON          cstackCOMMON 0000
__Heeprom_data           eeprom_data  0000
__Hend_init              end_init     0003
__Hfunctab               functab      0000
__Hheap                  heap         0000
__Hinit                  init         0000
__Hintentry              intentry     0000
__Hmaintext              maintext     0000
__Hpowerup               powerup      0000
__Hram                   ram          0000
__Hreset_vec             reset_vec    0000
__Hsfr0                  sfr0         0000
__Hsfr1                  sfr1         0000
__Hsfr2                  sfr2         0000
__Hsfr3                  sfr3         0000
__Hspace_0               (abs)        0800
__Hspace_1               (abs)        007C
__Hspace_2               (abs)        0000
__Hspace_3               (abs)        0000
__Hspace_4               (abs)        4010
__Hstack                 stack        0000
__Hstrings               strings      0000
__Htext                  text         0000
__L__absolute__          __absolute__ 0000
__Labs1                  abs1         0000
__Lbank0                 bank0        0000
__Lbank1                 bank1        0000
__Lbank2                 bank2        0000
__Lbank3                 bank3        0000
__LbssBANK0              bssBANK0     0000
__Lcinit                 cinit        07F2
__Lclrtext               clrtext      0000
__Lcode                  code         0000
__Lcommon                common       0000
__Lconfig                config       0000
__LcstackBANK0           cstackBANK0  0000
__LcstackCOMMON          cstackCOMMON 0000
__Leeprom_data           eeprom_data  0000
__Lend_init              end_init     0000
__Lfunctab               functab      0000
__Lheap                  heap         0000
__Linit                  init         0000
__Lintentry              intentry     0000
__Lmaintext              maintext     0000
__Lpowerup               powerup      0000
__Lram                   ram          0000
__Lreset_vec             reset_vec    0000
__Lsfr0                  sfr0         0000
__Lsfr1                  sfr1         0000
__Lsfr2                  sfr2         0000
__Lsfr3                  sfr3         0000
__Lspace_0               (abs)        0000
__Lspace_1               (abs)        0000
__Lspace_2               (abs)        0000
__Lspace_3               (abs)        0000
__Lspace_4               (abs)        0000
__Lstack                 stack        0000
__Lstrings               strings      0000
__Ltext                  text         0000
__S0                     (abs)        0800
__S1                     (abs)        007C
__S3                     (abs)        0000
___heap_hi               (abs)        0000
___heap_lo               (abs)        0000
___int_sp                stack        0000
___int_stack_hi          stack        0000
___int_stack_lo          stack        0000
___latbits               (abs)        0002
___sp                    stack        0000
___stack_hi              stack        0000
___stack_lo              stack        0000
___stackhi               (abs)        0000
___stacklo               (abs)        0000
___wmul                  text4        06ED
___wmul@multiplicand     cstackCOMMON 0072
___wmul@multiplier       cstackCOMMON 0070
___wmul@product          cstackCOMMON 0074
__end_of___wmul          text4        0712
__end_of__initialization cinit        07FC
__end_of_init_gpio       text3        06ED
__end_of_init_osc        text2        06CD
__end_of_main            maintext     07F2
__end_of_pic_init        text1        06DC
__initialization         cinit        07F2
__pbssBANK0              bssBANK0     002E
__pcstackBANK0           cstackBANK0  0020
__pcstackCOMMON          cstackCOMMON 0070
__pmaintext              maintext     0712
__ptext1                 text1        06CD
__ptext2                 text2        06C0
__ptext3                 text3        06DC
__ptext4                 text4        06ED
_init_gpio               text3        06DC
_init_osc                text2        06C0
_main                    maintext     0712
_pic_init                text1        06CD
btemp                    (abs)        007E
end_of_initialization    cinit        07FC
intlevel0                functab      0000
intlevel1                functab      0000
intlevel2                functab      0000
intlevel3                functab      0000
intlevel4                functab      0000
intlevel5                functab      0000
main@ADR                 cstackBANK0  0020
main@ADRES               cstackBANK0  0028
main@i                   cstackBANK0  002A
main@i_132               cstackBANK0  002C
reset_vec                reset_vec    0000
start                    init         0000
start_initialization     cinit        07F2
wtemp0                   (abs)        007E


MODULE INFORMATION

Module		Function		Class		Link	Load	Size
newmain.c
		_pic_init      		CODE           	06CD	0000	15
		_main          		CODE           	0712	0000	224
		_init_osc      		CODE           	06C0	0000	13
		_init_gpio     		CODE           	06DC	0000	17

newmain.c estimated size: 269

/opt/microchip/xc8/v2.45/pic/sources/c99/common/Umul16.c
		___wmul        		CODE           	06ED	0000	37

/opt/microchip/xc8/v2.45/pic/sources/c99/common/Umul16.c estimated size: 37

shared
		__initialization		CODE           	07F2	0000	10

shared estimated size: 10

