Microchip MPLAB XC8 Compiler V2.45

Linker command line:

-W-3 --edf=/opt/microchip/xc8/v2.45/pic/dat/20230818022343_en.msgs -cn \
  -h+dist/default/debug/PROJ_OPDR2.X.debug.sym \
  --cmf=dist/default/debug/PROJ_OPDR2.X.debug.cmf -z -Q16F887 \
  -o/tmp/xcXnEPeJo/driver_tmp_3.o --defsym=__MPLAB_BUILD=1 \
  --fixupoverflow=error -Mdist/default/debug/PROJ_OPDR2.X.debug.map \
  --md=/tmp/xcXnEPeJo/driver_tmp_0.dat -E1 -ver=XC8 Compiler --acfsm=1493 \
  -ACODE=00h-07FFhx3,01800h-01EFFh -ASTRCODE=00h-01EFFh \
  -ASTRING=00h-0FFhx31 -ACONST=00h-0FFhx31 -AENTRY=00h-0FFhx31 \
  -ACOMMON=071h-07Fh -ABANK0=020h-06Fh -ABANK1=0A0h-0EFh \
  -ABANK2=0110h-016Fh -ABANK3=0190h-01E4h \
  -ARAM=020h-06Fh,0A0h-0EFh,0110h-016Fh,0190h-01E4h \
  -AABS1=020h-07Fh,0A0h-0EFh,0110h-016Fh,0190h-01EFh -ASFR0=00h-01Fh \
  -ASFR1=080h-09Fh -ASFR2=0100h-010Fh -ASFR3=0180h-018Fh \
  -ACONFIG=02007h-02008h -DCONFIG=2 -AIDLOC=02000h-02003h -DIDLOC=2 \
  -AEEDATA=00h-0FFh/02100h -peeprom_data=EEDATA -DEEDATA=2 -DCODE=2 \
  -DSTRCODE=2 -DSTRING=2 -DCONST=2 -DENTRY=2 \
  -preset_vec=00h,intentry,init,end_init -ppowerup=CODE -pcinit=CODE \
  -pfunctab=ENTRY -k /tmp/xcXnEPeJo/driver_tmp_12.o \
  dist/default/debug/PROJ_OPDR2.X.debug.o 

Object code version is 3.11

Machine type is 16F887



                Name                               Link     Load   Length Selector   Space Scale
/tmp/xcXnEPeJo/driver_tmp_12.o
                end_init                              1        1        3        0       0
                reset_vec                             0        0        1        0       0
                config                             2007     2007        2        0       4
dist/default/debug/PROJ_OPDR2.X.debug.o
                cinit                               7F2      7F2        E      FE4       0
                config                             2007     2007        2        0       4
                text4                               6EE      6EE       25      DDC       0
                text3                               6D6      6D6       18      DAC       0
                text2                               6BC      6BC        B      D78       0
                text1                               6C7      6C7        F      D8E       0
                maintext                            713      713       DF      E26       0
                cstackBANK0                          20       20        E       20       1
                cstackCOMMON                         71       71        C       71       1
                bssBANK0                             2E       2E        8       20       1

TOTAL           Name                               Link     Load   Length     Space
        CLASS   CODE           
                end_init                              1        1        3         0
                cinit                               7F2      7F2        E         0
                reset_vec                             0        0        1         0
                text4                               6EE      6EE       25         0
                text3                               6D6      6D6       18         0
                text2                               6BC      6BC        B         0
                text1                               6C7      6C7        F         0
                maintext                            713      713       DF         0

        CLASS   STRCODE        

        CLASS   STRING         

        CLASS   CONST          

        CLASS   ENTRY          

        CLASS   COMMON         
                cstackCOMMON                         71       71        C         1

        CLASS   BANK0          
                cstackBANK0                          20       20        E         1
                bssBANK0                             2E       2E        8         1

        CLASS   BANK1          

        CLASS   BANK2          

        CLASS   BANK3          

        CLASS   RAM            

        CLASS   ABS1           
                abs_s1                               7E       7E        2         1

        CLASS   SFR0           

        CLASS   SFR1           

        CLASS   SFR2           

        CLASS   SFR3           

        CLASS   CONFIG         
                config                             2007     2007        2         4

        CLASS   IDLOC          

        CLASS   EEDATA         

        CLASS   HEAP           

        CLASS   STACK          



SEGMENTS        Name                           Load    Length   Top    Selector   Space  Class     Delta

                text1                          0006C7  00000F  0006D6       D8E       0  CODE        2
                text2                          0006BC  00000B  0006C7       D78       0  CODE        2
                text3                          0006D6  000018  0006EE       DAC       0  CODE        2
                maintext                       000713  0000DF  0007F2       E26       0  CODE        2
                text4                          0006EE  000025  000713       DDC       0  CODE        2
                cstackBANK0                    000020  000016  000036        20       1  BANK0       1
                cinit                          0007F2  00000E  000800       FE4       0  CODE        2
                reset_vec                      000000  000004  000004         0       0  CODE        2
                cstackCOMMON                   000071  00000C  00007D        71       1  COMMON      1


UNUSED ADDRESS RANGES

        Name                Unused          Largest block    Delta
        BANK0            0036-006F             3A           1
        BANK1            00A0-00EF             50           1
        BANK2            0110-016F             60           1
        BANK3            0190-01E4             55           1
        CODE             0004-06BB            6B8           2
                         0800-1EFF            800
        COMMON           007D-007D              1           1
        CONST            0004-06BB            100           2
                         0800-1EFF            100
        EEDATA           2100-21FF            100           2
        ENTRY            0004-06BB            100           2
                         0800-1EFF            100
        IDLOC            2000-2003              4           2
        RAM              0036-006F             3A           1
                         00A0-00EF             50
                         0110-016F             60
                         0190-01E4             55
        SFR0             0000-001F             20           1
        SFR1             0080-009F             20           1
        SFR2             0100-010F             10           1
        SFR3             0180-018F             10           1
        STRCODE          0004-06BB            6B8           2
                         0800-1EFF           1700
        STRING           0004-06BB            100           2
                         0800-1EFF            100

                                  Symbol Table

?___wmul                 cstackCOMMON 0071
_ADCON0bits              (abs)        001F
_ADCON1bits              (abs)        009F
_ADRESH                  (abs)        001E
_ADRESL                  (abs)        009E
_ANSEL                   (abs)        0188
_ANSELH                  (abs)        0189
_ANSELbits               (abs)        0188
_GO                      (abs)        00F9
_OSCCONbits              (abs)        008F
_PORTA                   (abs)        0005
_TRISA                   (abs)        0085
_TRISEbits               (abs)        0089
__H__absolute__          __absolute__ 0000
__Habs1                  abs1         0000
__Hbank0                 bank0        0000
__Hbank1                 bank1        0000
__Hbank2                 bank2        0000
__Hbank3                 bank3        0000
__HbssBANK0              bssBANK0     0000
__Hcinit                 cinit        0800
__Hclrtext               clrtext      0000
__Hcode                  code         0000
__Hcommon                common       0000
__Hconfig                config       2009
__HcstackBANK0           cstackBANK0  0000
__HcstackCOMMON          cstackCOMMON 0000
__Heeprom_data           eeprom_data  0000
__Hend_init              end_init     0004
__Hfunctab               functab      0000
__Hheap                  heap         0000
__Hinit                  init         0001
__Hintentry              intentry     0001
__Hmaintext              maintext     0000
__Hpowerup               powerup      0000
__Hram                   ram          0000
__Hreset_vec             reset_vec    0001
__Hsfr0                  sfr0         0000
__Hsfr1                  sfr1         0000
__Hsfr2                  sfr2         0000
__Hsfr3                  sfr3         0000
__Hspace_0               (abs)        0800
__Hspace_1               (abs)        007D
__Hspace_2               (abs)        0000
__Hspace_3               (abs)        0000
__Hspace_4               (abs)        4010
__Hstack                 stack        0000
__Hstrings               strings      0000
__Htext                  text         0000
__L__absolute__          __absolute__ 0000
__Labs1                  abs1         0000
__Lbank0                 bank0        0000
__Lbank1                 bank1        0000
__Lbank2                 bank2        0000
__Lbank3                 bank3        0000
__LbssBANK0              bssBANK0     0000
__Lcinit                 cinit        07F2
__Lclrtext               clrtext      0000
__Lcode                  code         0000
__Lcommon                common       0000
__Lconfig                config       0000
__LcstackBANK0           cstackBANK0  0000
__LcstackCOMMON          cstackCOMMON 0000
__Leeprom_data           eeprom_data  0000
__Lend_init              end_init     0001
__Lfunctab               functab      0000
__Lheap                  heap         0000
__Linit                  init         0001
__Lintentry              intentry     0001
__Lmaintext              maintext     0000
__Lpowerup               powerup      0000
__Lram                   ram          0000
__Lreset_vec             reset_vec    0000
__Lsfr0                  sfr0         0000
__Lsfr1                  sfr1         0000
__Lsfr2                  sfr2         0000
__Lsfr3                  sfr3         0000
__Lspace_0               (abs)        0000
__Lspace_1               (abs)        0000
__Lspace_2               (abs)        0000
__Lspace_3               (abs)        0000
__Lspace_4               (abs)        0000
__Lstack                 stack        0000
__Lstrings               strings      0000
__Ltext                  text         0000
__S0                     (abs)        0800
__S1                     (abs)        007D
__S3                     (abs)        0000
___heap_hi               (abs)        0000
___heap_lo               (abs)        0000
___int_sp                stack        0000
___int_stack_hi          stack        0000
___int_stack_lo          stack        0000
___latbits               (abs)        0002
___sp                    stack        0000
___stack_hi              stack        0000
___stack_lo              stack        0000
___stackhi               (abs)        0000
___stacklo               (abs)        0000
___wmul                  text4        06EE
___wmul@multiplicand     cstackCOMMON 0073
___wmul@multiplier       cstackCOMMON 0071
___wmul@product          cstackCOMMON 0075
__end_of___wmul          text4        0713
__end_of__initialization cinit        07FC
__end_of_init_gpio       text3        06EE
__end_of_init_osc        text2        06C7
__end_of_main            maintext     07F2
__end_of_pic_init        text1        06D6
__initialization         cinit        07F2
__pbssBANK0              bssBANK0     002E
__pcstackBANK0           cstackBANK0  0020
__pcstackCOMMON          cstackCOMMON 0071
__pmaintext              maintext     0713
__ptext1                 text1        06C7
__ptext2                 text2        06BC
__ptext3                 text3        06D6
__ptext4                 text4        06EE
_init_gpio               text3        06D6
_init_osc                text2        06BC
_main                    maintext     0713
_pic_init                text1        06C7
btemp                    (abs)        007E
end_of_initialization    cinit        07FC
intlevel0                functab      0000
intlevel1                functab      0000
intlevel2                functab      0000
intlevel3                functab      0000
intlevel4                functab      0000
intlevel5                functab      0000
main@ADR                 cstackBANK0  0020
main@ADRES               cstackBANK0  0028
main@i                   cstackBANK0  002A
main@i_177               cstackBANK0  002C
reset_vec                reset_vec    0000
start                    init         0001
start_initialization     cinit        07F2
wtemp0                   (abs)        007E


MODULE INFORMATION

Module		Function		Class		Link	Load	Size
newmain.c
		_pic_init      		CODE           	06C7	0000	15
		_main          		CODE           	0713	0000	223
		_init_osc      		CODE           	06BC	0000	11
		_init_gpio     		CODE           	06D6	0000	24

newmain.c estimated size: 273

/opt/microchip/xc8/v2.45/pic/sources/c99/common/Umul16.c
		___wmul        		CODE           	06EE	0000	37

/opt/microchip/xc8/v2.45/pic/sources/c99/common/Umul16.c estimated size: 37

shared
		__initialization		CODE           	07F2	0000	10

shared estimated size: 10

